// Jest Snapshot v1, https://goo.gl/fbAQLP

exports[`article-search snapshot renders 1`] = `
<div>
  <h1>
    Article Search
  </h1>
  <div
    class="sc-bdVaJa gQjgxh"
  >
    <label
      for="searchTerm"
    >
      Search for:
    </label>
    <input
      class="sc-bwzfXH bdiUom"
      id="searchTerm"
      name="searchTerm"
      type="text"
    />
    <button
      class="sc-htpNat kwAAlW"
    >
      Search
    </button>
  </div>
  <h3>
    Here are a list of articles matching your search:
  </h3>
  <div
    class="articles"
  />
</div>
`;
